// Jest Snapshot v1, https://goo.gl/fbAQLP

exports[`table formatter should format data with > 1 data rows correctly 1`] = `
"[38;2;132;132;132mName[39m                  [38;2;132;132;132mCustomer[39m
test-project-table-1  test-customer-table-1
test-project-table-2  test-customer-table-2"
`;

exports[`table formatter should format data with 0 data rows correctly 1`] = `"[38;2;132;132;132mName[39m  [38;2;132;132;132mCustomer[39m"`;

exports[`table formatter should format data with 1 data row correctly 1`] = `
"[38;2;132;132;132mName[39m      test-project-table-1
[38;2;132;132;132mCustomer[39m  test-customer-table-1"
`;
