// Jest Snapshot v1, https://goo.gl/fbAQLP

exports[`createJWT should create token properly 1`] = `"eyJhbGciOiJIUzI1NiIsInR5cCI6IkpXVCJ9.eyJzc2hLZXkiOiJzc2gtcnNhIEFBQUFCM056YUMxeWMyRUFBQUFEQVFBQkFBQUNBUURFWmxtczVYc2l5V2ptbm5VeWhwdDkzVmdIeXBzZTlCbDhrTmttWkpUaU0zRXgvd1pBZndvZ3pxZDJMclRFaUlPV1NIMUhuUWF6UitDYzlvSENtTXlOeFJyTGtTL01FbDB5WjM4UStHRGZuMzdoL2xsQ0laTlZvSGxTZ1lrcUQwTVFyaGZHTDVBdWxEVUtJbGU5M2RBNnFkQ1VsblpaakRQaVIwdkVYUjM2eEd1WDdRWUFoSzMwYUQyU3JyQnJ1VHRGR3ZqODdJUC8wT0VPdlVaZThkY1U5Ry9wQ29xclR6Z0txSlJwcXMvczV4dGtxTGtUSXlSL1N6enBsTzIxQStwQ0tOYXg2Y3NERHEzc25TOHpmeDZpTThNd1ZmaDhudkJXOXNlYXgxekJ2WmpIQVBTVHNqem1aWG00ejMyL3VqQW4vUmhJa1p3M1pnUktyeHpyeXR0R25XSko4T0Z5RjMxSlRKZ3dXV3VQZEg1M0cxNVBDODNaYm1FZ1NWM3dpbjUxUlpSVnBwTjR1UVV1YXFaV0c5d3drMmE2UDVhZW4xUkxDU0xwVGtkMm1BRWs5UGxnbUpyZjh2SVRraVU5cEY5bjY4RU5Db281NTZxU2R4VzJweG5qcnpLVlBTcW1xTzFYZzVLNExPWDQvOU40bjRxa0xFT2lxbnp6SkNsaEZpZjNPMjhSVzg2UlB4RVJHZFBUODFVSTBvREFjVTVldVFyOEVteitIZCtQWTExMTVVSWxkM0NJSGliNVBZTDlFZTBiRlVLaVdwUi9hY1NlMWZIQjY0bUNvSFA3aGpGZXBHc3E3aW5rdmcyNjUxd1VES0JzaEdsdHBOa01qNithWmVkTmMwL3JLWXlqbDgwblQ4ZzhRRUNnT1NSenBtWXAwemxpMkhwRm9MT2lXdz09IGFuc2libGUtdGVzdGluZyIsInJvbGUiOiJhZG1pbiIsImlhdCI6MTUwMzAxNDQwMDAwMCwiaXNzIjoiamVzdCJ9.HluJsZ9vhmye0EJedwgyGfvysKtEy0VUAtKMXZ8mXzI"`;
