// Jest Snapshot v1, https://goo.gl/fbAQLP

exports[`readSiteGroupsFile should return the string content for api-test-hiera 1`] = `
Object {
  "amazeeio_sitegroups": Object {
    "ci-node1": Object {
      "active_systems": Object {
        "deploy": "lagoon_openshift",
        "remove": "lagoon_openshift",
      },
      "client": "deploytestclient",
      "git_url": "git@git:/git/node.git",
      "openshift": Object {
        "console": "https://192.168.77.100:8443/",
        "password": "developer",
        "project": "myproject",
        "registry": "docker-registry-default.192.168.77.100.nip.io:443",
        "router_pattern": "\${sitegroup}.\${branch}.192.168.77.100.nip.io",
        "template": "node.yml",
        "username": "developer",
      },
      "slack": Object {
        "channel": "amazeeio-testing",
        "webhook": "https://hooks.slack.com/services/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",
      },
    },
    "ci-node2": Object {
      "active_systems": Object {
        "deploy": "lagoon_openshift",
        "remove": "lagoon_openshift",
      },
      "client": "deploytestclient",
      "git_url": "git@git:/git/node.git",
      "openshift": Object {
        "console": "https://192.168.77.100:8443/",
        "password": "developer",
        "project": "myproject",
        "registry": "docker-registry-default.192.168.77.100.nip.io:443",
        "router_pattern": "\${sitegroup}.\${branch}.192.168.77.100.nip.io",
        "template": "node.yml",
        "username": "developer",
      },
      "slack": Object {
        "channel": "amazeeio-testing",
        "webhook": "https://hooks.slack.com/services/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",
      },
    },
    "ci-node_subfolder1": Object {
      "active_systems": Object {
        "deploy": "lagoon_openshift",
        "remove": "lagoon_openshift",
      },
      "client": "deploytestclient",
      "git_url": "git@git:/git/node_subfolder.git",
      "openshift": Object {
        "console": "https://192.168.77.100:8443/",
        "folder": "subfolder",
        "password": "developer",
        "project": "myproject",
        "registry": "docker-registry-default.192.168.77.100.nip.io:443",
        "router_pattern": "\${sitegroup}.\${branch}.192.168.77.100.nip.io",
        "template": "node.yml",
        "username": "developer",
      },
      "slack": Object {
        "channel": "amazeeio-testing",
        "webhook": "https://hooks.slack.com/services/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",
      },
    },
    "ci-node_subfolder2": Object {
      "active_systems": Object {
        "deploy": "lagoon_openshift",
        "remove": "lagoon_openshift",
      },
      "client": "deploytestclient",
      "git_url": "git@git:/git/node_subfolder.git",
      "openshift": Object {
        "console": "https://192.168.77.100:8443/",
        "folder": "subfolder",
        "password": "developer",
        "project": "myproject",
        "registry": "docker-registry-default.192.168.77.100.nip.io:443",
        "router_pattern": "\${sitegroup}.\${branch}.192.168.77.100.nip.io",
        "template": "node.yml",
        "username": "developer",
      },
      "slack": Object {
        "channel": "amazeeio-testing",
        "webhook": "https://hooks.slack.com/services/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",
      },
    },
  },
}
`;
