// Jest Snapshot v1, https://goo.gl/fbAQLP

exports[`getCustomerDetails should show customer details 1`] = `
Array [
  Array [
    "Customer details for project 'some_project':",
  ],
  Array [
    "╔════════════════════╤═════════════════════════════════════════╗
║ Name               │ customer1                               ║
╟────────────────────┼─────────────────────────────────────────╢
║ Comment            │ Comment about customer1                 ║
╟────────────────────┼─────────────────────────────────────────╢
║ Deploy Private Key │ √                                       ║
╟────────────────────┼─────────────────────────────────────────╢
║ SSH Keys           │ a@example.com                           ║
╟────────────────────┼─────────────────────────────────────────╢
║ Created            │ Wed May 18 2011 00:00:00 GMT+0000 (UTC) ║
╚════════════════════╧═════════════════════════════════════════╝
",
  ],
]
`;

exports[`getCustomerDetails should show error message if GraphQL returns errors 1`] = `
Array [
  Array [
    "[31mOops! The lagoon API returned an error:[39m",
  ],
  Array [
    "[31m{[39m
[31m  \\"message\\": \\"Something, something missing parameter X\\"[39m
[31m}[39m",
  ],
]
`;

exports[`getCustomerDetails should show message for non-existing projects 1`] = `
Array [
  Array [
    "[31mNo customer found for project 'some_project'![39m",
  ],
]
`;
