// Jest Snapshot v1, https://goo.gl/fbAQLP

exports[`siteGroupInfo should display error, if GraphQL sends error messages 1`] = `
Array [
  Array [
    "[31mOops! The amazee.io API returned an error:[39m",
  ],
  Array [
    "[31m{
  \\"message\\": \\"something something error\\"
}[39m",
  ],
]
`;

exports[`siteGroupInfo should list found information for given sitegroup 1`] = `
Array [
  Array [
    "I found following information for sitegroup 'mysitegroup':",
  ],
  Array [
    "╔════════════════╤════════════════════════════════════════════╗
║ SiteGroup Name │ mysitegroup                                ║
╟────────────────┼────────────────────────────────────────────╢
║ Git Url        │ sitegroup.git                              ║
╟────────────────┼────────────────────────────────────────────╢
║ Slack          │ myslack -> https://slack-webhook.something ║
╟────────────────┼────────────────────────────────────────────╢
║ Sites          │ site1:dev, site1:prod                      ║
╚════════════════╧════════════════════════════════════════════╝
",
  ],
]
`;

exports[`siteGroupInfo should show error on missing sitegroup 1`] = `
Array [
  Array [
    "[31mNo sitegroup 'not_existing' found[39m",
  ],
]
`;

exports[`siteInfo should detect ambiguity and propose more specific parameters 1`] = `
Array [
  Array [
    "I found multiple sites with the same name, but different branches, maybe try following parameter...",
  ],
  Array [
    "-> site1@dev",
  ],
  Array [
    "-> site1@prod",
  ],
]
`;

exports[`siteInfo should display error, if GraphQL sends error messages 1`] = `
Array [
  Array [
    "[31mOops! The amazee.io API returned an error:[39m",
  ],
  Array [
    "[31m{
  \\"message\\": \\"something something error\\"
}[39m",
  ],
]
`;

exports[`siteInfo should show table with information about sitegroup 1`] = `
Array [
  Array [
    "I found following information for 'some_sitegroup -> site1@dev':",
  ],
  Array [
    "╔══════════════════════╤════════════════════════╗
║ Site Name            │ site1                  ║
╟──────────────────────┼────────────────────────╢
║ Site Branch          │ dev                    ║
╟──────────────────────┼────────────────────────╢
║ Site Env             │ development            ║
╟──────────────────────┼────────────────────────╢
║ User Id              │ uid                    ║
╟──────────────────────┼────────────────────────╢
║ Server Names         │ servername1            ║
╟──────────────────────┼────────────────────────╢
║ Webroot              │ webroot                ║
╟──────────────────────┼────────────────────────╢
║ Domains              │ domain1, domain2       ║
╟──────────────────────┼────────────────────────╢
║ Redirect Domains     │ redomain1, redomain2   ║
╟──────────────────────┼────────────────────────╢
║ SSL Certificate Type │ sslcerttype            ║
╟──────────────────────┼────────────────────────╢
║ Cron                 │ Type: cron - Minute: 0 ║
╟──────────────────────┼────────────────────────╢
║ Solr Enabled         │ false                  ║
╚══════════════════════╧════════════════════════╝
",
  ],
]
`;
