// Jest Snapshot v1, https://goo.gl/fbAQLP

exports[`listProjects should display error, if GraphQL sends error messages 1`] = `
Array [
  Array [
    "[31mOops! The lagoon API returned an error:[39m",
  ],
  Array [
    "[31m{[39m
[31m  \\"message\\": \\"something something error\\"[39m
[31m}[39m",
  ],
]
`;

exports[`listProjects should list details for multiple projects 1`] = `
Array [
  Array [
    "╔══════════════════════════╤══════════════════════════════════════════════╤══════════╤═══════════════╤═════════════════════╗
║ Project                  │ Git URL                                      │ Branches │ Pull Requests │ Created             ║
╟──────────────────────────┼──────────────────────────────────────────────┼──────────┼───────────────┼─────────────────────╢
║ credentialstest-project1 │ ssh://git@192.168.99.1:2222/git/project1.git │ true     │ null          │ 2018-01-15 11:09:35 ║
╟──────────────────────────┼──────────────────────────────────────────────┼──────────┼───────────────┼─────────────────────╢
║ credentialstest-project2 │ ssh://git@192.168.99.1:2222/git/project2.git │ true     │ null          │ 2018-01-15 11:09:35 ║
╚══════════════════════════╧══════════════════════════════════════════════╧══════════╧═══════════════╧═════════════════════╝
",
  ],
]
`;

exports[`listProjects should print notice on empty projects array 1`] = `
Array [
  Array [
    "No projects found.",
  ],
]
`;
