// Jest Snapshot v1, https://goo.gl/fbAQLP

exports[`projectDetails should display error, if GraphQL sends error messages 1`] = `
Array [
  Array [
    "[31mOops! The lagoon API returned an error:[39m",
  ],
  Array [
    "[31m{[39m
[31m  \\"message\\": \\"something something error\\"[39m
[31m}[39m",
  ],
]
`;

exports[`projectDetails should show details for given project 1`] = `
Array [
  Array [
    "Project details for 'myproject':",
  ],
  Array [
    "╔═══════════════════════╤═════════════════════════════╗
║ Project Name          │ credentialstest-project1    ║
╟───────────────────────┼─────────────────────────────╢
║ Customer              │ credentialtest-customer1    ║
╟───────────────────────┼─────────────────────────────╢
║ Git URL               │ project1.git                ║
╟───────────────────────┼─────────────────────────────╢
║ Active Systems Deploy │ lagoon_openshiftBuildDeploy ║
╟───────────────────────┼─────────────────────────────╢
║ Active Systems Remove │ lagoon_openshiftRemove      ║
╟───────────────────────┼─────────────────────────────╢
║ Branches              │ true                        ║
╟───────────────────────┼─────────────────────────────╢
║ Pull Requests         │ null                        ║
╟───────────────────────┼─────────────────────────────╢
║ Openshift             │ credentialtest-openshift    ║
╟───────────────────────┼─────────────────────────────╢
║ Created               │ 2018-01-15 11:09:35         ║
╚═══════════════════════╧═════════════════════════════╝
",
  ],
]
`;

exports[`projectDetails should show error on missing project 1`] = `
Array [
  Array [
    "No project 'not_existing' found.",
  ],
]
`;
