// Jest Snapshot v1, https://goo.gl/fbAQLP

exports[`writeConfigFile should write default config to given path 1`] = `
"project: your_project
"
`;
