// Jest Snapshot v1, https://goo.gl/fbAQLP

exports[`createConfig should write default config to given path 1`] = `
"sitegroup: your_sitegroup
deploy_tasks:
  task1:
    before_deploy: []
    after_deploy: []
"
`;
